List 0: a
INVALID COMMAND: NEW
INVALID COMMAND: INPUT
List 1: 
List 2: 0.60 -> 4 ->  4 4 ->  ->    
INVALID COMMAND: NEW
