List 0:  ->   -> 1 -> 0.10 -> a
string -> char -> int -> float -> char
