List 0: a
a
List 0 has been removed.

Number of lists: 0
INVALID COMMAND: VIEW
Number of lists: 0
