List 0: 
List 0: a
List 0: a -> b
a -> b
INVALID COMMAND: INSERT
Number of lists: 1
List 0
