List 0: a
List 0: 
INVALID COMMAND: DELETE
List 1: a -> b
List 1: a
