INVALID COMMAND: NEW
List 0: a
INVALID COMMAND: INSERT
a
a
Nested 1: {List 0}
INVALID COMMAND: NEW
INVALID COMMAND: REMOVE
List 2: b
INVALID COMMAND: INSERT
