INVALID COMMAND: INPUT
INVALID COMMAND: INPUT
INVALID COMMAND: INPUT
INVALID COMMAND: INPUT
